// Jest Snapshot v1, https://goo.gl/fbAQLP

exports[`renders Username 1`] = `
<div>
  <a
    class="username"
    href="/#username"
  >
    fakeUsername
  </a>
</div>
`;
